There are 8 section headers, starting at offset 0x10328:
Section Headers:
Nr  Name                Type             Address  Offset Size   ES Flags Link  Info  Align
0                       NULL             00000000 000000 000000 00       0     0     0 
1   .text               PROGBITS         00000020 000074 00003c 00 AX    0     0     4 
2   .data               PROGBITS         00002800 002854 00003c 00 WA    0     0     4 
3   .note.gnu.build-id  NOTE             00010074 0100c8 000024 00 A     0     0     4 
4   .ARM.attributes     ARM_ATTRIBUTES   00000000 0100ec 000012 00       0     0     1 
5   .symtab             SYMTAB           00000000 010100 000170 10       6     14    4 
6   .strtab             STRTAB           00000000 010270 00006d 00       0     0     1 
7   .shstrtab           STRTAB           00000000 0102dd 00004a 00       0     0     1 

Key to Flags:
W (write), A (alloc), X (execute), M (merge), S (strings), l (large)
I (info), L (link order), G (group), T (TLS), E (exclude), x (unknown)
O (extra OS processing required) o (OS specific), p (processor specific)

