Hex dump of section '.text':
  0x00000020 e1a00000 eb0009f7 eb0009fa ea0009f5 ................
  0x00000030 ea0009f8 eb000003 ebfffff9 ea000001 ................
  0x00000040 eafffff7 e1a00000 e1a0f00e 00000048 ...............H
  0x00000050 00000024 00002808 00002818          ...$..(...(.

